[hyperion.cs.upt.ro/index.html]
[backblue.gif]
[fade.gif]
[index.html]
[hyperion.cs.upt.ro/wp-includes/css/dist/block-library/style.min4095.css]
[hyperion.cs.upt.ro/index.php/feed/index.html]
[hyperion.cs.upt.ro/wp-content/themes/twentytwenty/style7ef2.css]
[hyperion.cs.upt.ro/wp-content/themes/twentytwenty/print7ef2.css]
[hyperion.cs.upt.ro/index.php/comments/feed/index.html]
[hyperion.cs.upt.ro/index.php/sample-page/feed/index.html]
[hyperion.cs.upt.ro/wp-content/themes/twentytwenty/assets/js/index7ef2.js]
[hyperion.cs.upt.ro/index.php/wp-json/wp/v2/pages/2]
[hyperion.cs.upt.ro/index.php/wp-json/index.html]
[hyperion.cs.upt.ro/xmlrpc0db0.php]
[hyperion.cs.upt.ro/wp-includes/wlwmanifest.xml]
[hyperion.cs.upt.ro/index.php/wp-json/oembed/1.0/embeda9a5.json]
[hyperion.cs.upt.ro/index.php/wp-json/oembed/1.0/embed6940]
[hyperion.cs.upt.ro/wp-includes/js/wp-embed.min4095.js]
[hyperion.cs.upt.ro/index.html]
[hyperion.cs.upt.ro/wp-includes/css/dist/block-library/style.min4095.css]
[hyperion.cs.upt.ro/index.php/novelty-and-objectives/index.html]
[hyperion.cs.upt.ro/index.php/bibliography/index.html]
[hyperion.cs.upt.ro/index.php/project-implementation/index.html]
[hyperion.cs.upt.ro/index.php/project-team/index.html]
[hyperion.cs.upt.ro/index.php/publications/index.html]
[hyperion.cs.upt.ro/index.php/reports/index.html]
[hyperion.cs.upt.ro/wp-content/themes/twentytwenty/style7ef2.css]
[hyperion.cs.upt.ro/wp-content/themes/twentytwenty/print7ef2.css]
[hyperion.cs.upt.ro/index.php/wp-json/wp/v2/pages/10.json]
[hyperion.cs.upt.ro/index.php/wp-json/oembed/1.0/embedca96.json]
[hyperion.cs.upt.ro/index.php/wp-json/oembed/1.0/embed3997]
[hyperion.cs.upt.ro/index.php/bibliography/index.html]
[hyperion.cs.upt.ro/index.php/wp-json/wp/v2/pages/8.json]
[hyperion.cs.upt.ro/index.php/wp-json/oembed/1.0/embed9b15.json]
[hyperion.cs.upt.ro/index.php/wp-json/oembed/1.0/embed4b58]
[hyperion.cs.upt.ro/index.php/novelty-and-objectives/index.html]
[hyperion.cs.upt.ro/index.php/wp-json/wp/v2/pages/12.json]
[hyperion.cs.upt.ro/index.php/wp-json/oembed/1.0/embeddd46.json]
[hyperion.cs.upt.ro/index.php/wp-json/oembed/1.0/embed8291]
[hyperion.cs.upt.ro/wp-content/uploads/2020/12/Screen-Shot-2020-12-01-at-17.55.18-1024x452.png]
[hyperion.cs.upt.ro/index.php/project-implementation/index.html]
[hyperion.cs.upt.ro/index.php/wp-json/wp/v2/pages/20.json]
[hyperion.cs.upt.ro/index.php/wp-json/oembed/1.0/embedf29b.json]
[hyperion.cs.upt.ro/index.php/project-team/index.html]
[hyperion.cs.upt.ro/index.php/wp-json/oembed/1.0/embeda311]
[hyperion.cs.upt.ro/index.php/wp-json/wp/v2/pages/29.json]
[hyperion.cs.upt.ro/index.php/wp-json/oembed/1.0/embed826b.json]
[hyperion.cs.upt.ro/index.php/publications/index.html]
[hyperion.cs.upt.ro/index.php/wp-json/oembed/1.0/embed2f49]
[hyperion.cs.upt.ro/index.php/wp-json/wp/v2/pages/26.json]
[hyperion.cs.upt.ro/index.php/wp-json/oembed/1.0/embed588d.json]
[hyperion.cs.upt.ro/index.php/wp-json/oembed/1.0/embedecee]
[hyperion.cs.upt.ro/wp-content/uploads/2021/12/Raport-stiintific-si-tehnic_etapa1_2020_Hyperion.pdf]
[hyperion.cs.upt.ro/wp-content/uploads/2021/12/Raport-stiintific-si-tehnic_etapa-2_2021_Hyperion_compressed.pdf]
[hyperion.cs.upt.ro/index.php/reports/index.html]
[hyperion.cs.upt.ro/wp-content/themes/twentytwenty/assets/fonts/inter/Inter-upright-var.html]
[hyperion.cs.upt.ro/wp-content/themes/twentytwenty/assets/fonts/inter/Inter-italic-var.html]
[hyperion.cs.upt.ro/index64b4.html]
[hyperion.cs.upt.ro/index2df4.html]
[hyperion.cs.upt.ro/index678b.html]
[hyperion.cs.upt.ro/index341b.html]
[hyperion.cs.upt.ro/index9cd7.html]
[hyperion.cs.upt.ro/index88b9.html]
